python : C:\Users\muham\AppD
ata\Roaming\Python\Python314
\site-packages\langchain_cor
e\_api\deprecation.py:26: 
UserWarning: Core Pydantic 
V1 functionality isn't 
compatible with Python 3.14 
or greater.
At line:1 char:1
+ python test_api.py > 
test_output.txt 2>&1
+ ~~~~~~~~~~~~~~~~~~~~~~~~~~
~~~~~~~~~~~~~~~
    + CategoryInfo          
    : NotSpecified: (C:\Us  
  ers\muham\....14 or gre   
 ater.:String) [], Remot    
eException
    + FullyQualifiedErrorId 
    : NativeCommandError
 
  from pydantic.v1.fields 
import FieldInfo as 
FieldInfoV1
Testing Embedding...
Error: Error embedding content (RESOURCE_EXHAUSTED): 429 RESOURCE_EXHAUSTED. {'error': {'code': 429, 'message': 'You exceeded your current quota, please check your plan and billing details. For more information on this error, head to: https://ai.google.dev/gemini-api/docs/rate-limits. To monitor your current usage, head to: https://ai.dev/usage?tab=rate-limit. \n* Quota exceeded for metric: generativelanguage.googleapis.com/embed_content_free_tier_requests, limit: 0\n* Quota exceeded for metric: generativelanguage.googleapis.com/embed_content_free_tier_requests, limit: 0\n* Quota exceeded for metric: generativelanguage.googleapis.com/embed_content_free_tier_requests, limit: 0\n* Quota exceeded for metric: generativelanguage.googleapis.com/embed_content_free_tier_requests, limit: 0', 'status': 'RESOURCE_EXHAUSTED', 'details': [{'@type': 'type.googleapis.com/google.rpc.Help', 'links': [{'description': 'Learn more about Gemini API quotas', 'url': 'https://ai.google.dev/gemini-api/docs/rate-limits'}]}, {'@type': 'type.googleapis.com/google.rpc.QuotaFailure', 'violations': [{'quotaMetric': 'generativelanguage.googleapis.com/embed_content_free_tier_requests', 'quotaId': 'EmbedContentRequestsPerDayPerProjectPerModel-FreeTier'}, {'quotaMetric': 'generativelanguage.googleapis.com/embed_content_free_tier_requests', 'quotaId': 'EmbedContentRequestsPerDayPerUserPerProjectPerModel-FreeTier'}, {'quotaMetric': 'generativelanguage.googleapis.com/embed_content_free_tier_requests', 'quotaId': 'EmbedContentRequestsPerMinutePerUserPerProjectPerModel-FreeTier'}, {'quotaMetric': 'generativelanguage.googleapis.com/embed_content_free_tier_requests', 'quotaId': 'EmbedContentRequestsPerMinutePerProjectPerModel-FreeTier'}]}]}}
