.\env\Scripts\python 
: D:\Ai agent\ai-tuto
r\env\Lib\site-packag
es\langsmith\schemas.
py:23: UserWarning: 
Core Pydantic V1 
functionality isn't 
compatible with 
Python 3.14 or 
greater.
At line:1 char:1
+ 
.\env\Scripts\python 
-m pytest tests/test_
tool_factory.py > 
test_outp ...
+ ~~~~~~~~~~~~~~~~~~~
~~~~~~~~~~~~~~~~~~~~~
~~~~~~~~~~~~~~~~~~~~~
~~~~~~~~
    + CategoryInfo   
           : NotSpe  
  cified: (D:\Ai a   
 gent\ai-....14 o    
r greater.:Strin    
g) [], RemoteExc    
eption
    + FullyQualified 
   ErrorId : Native  
  CommandError
 
  from pydantic.v1 
import (
============================= test session starts =============================
platform win32 -- Python 3.14.0, pytest-9.0.2, pluggy-1.6.0
rootdir: D:\Ai agent\ai-tutor
plugins: anyio-4.12.0, langsmith-0.4.59
collected 0 items / 1 error

=================================== ERRORS ====================================
_________________ ERROR collecting tests/test_tool_factory.py _________________
ImportError while importing test module 'D:\Ai agent\ai-tutor\tests\test_tool_factory.py'.
Hint: make sure your test modules/packages have valid Python names.
Traceback:
C:\Python314\Lib\importlib\__init__.py:88: in import_module
    return _bootstrap._gcd_import(name[level:], package, level)
           ^^^^^^^^^^^^^^^^^^^^^^^^^^^^^^^^^^^^^^^^^^^^^^^^^^^^
tests\test_tool_factory.py:4: in <module>
    from src.agent.tools.tool_factory import ToolFactory
src\agent\tools\tool_factory.py:1: in <module>
    from langchain.tools.retriever import create_retriever_tool
E   ModuleNotFoundError: No module named 'langchain.tools.retriever'
=========================== short test summary info ===========================
ERROR tests/test_tool_factory.py
!!!!!!!!!!!!!!!!!!! Interrupted: 1 error during collection !!!!!!!!!!!!!!!!!!!!
============================== 1 error in 0.46s ===============================
